// Jest Snapshot v1, https://goo.gl/fbAQLP

exports[`CharacterProperty component CharacterProperty snapshot 1`] = `
Object {
  "asFragment": [Function],
  "baseElement": <body>
    <div>
      <div
        class="flex items-center text-[18px] gap-xs animation-fade-y animation-delay-2"
      >
        <div
          class="flex items-center gap-sm"
        >
          <div
            class="w-[45px] h-[45px] relative rounded-full bg-grey"
          >
            <img
              alt="Name"
              class="absolute top-0 bottom-0 left-0 right-0 m-auto w-[22px]"
              src="images/Name.svg"
            />
          </div>
          <span
            class="capitalize"
          >
            Name
            :
          </span>
        </div>
        <span
          class="text-primary-main"
        >
          <div
            class="w-full flex gap-md items-center overflow-hidden"
          >
            <div
              class="outline-none ml-[-1px]"
              contenteditable="false"
            >
              property
            </div>
            <div
              class="flex duration-300 opacity-0"
            >
              <button
                class="bg-secondary-main text-white whitespace-nowrap pb-[6px] pt-[7px] duration-300
 px-xs rounded-xs uppercase font-medium tracking-wider text-[13px] hover:bg-grey"
              >
                Edit
              </button>
            </div>
          </div>
        </span>
      </div>
    </div>
  </body>,
  "container": <div>
    <div
      class="flex items-center text-[18px] gap-xs animation-fade-y animation-delay-2"
    >
      <div
        class="flex items-center gap-sm"
      >
        <div
          class="w-[45px] h-[45px] relative rounded-full bg-grey"
        >
          <img
            alt="Name"
            class="absolute top-0 bottom-0 left-0 right-0 m-auto w-[22px]"
            src="images/Name.svg"
          />
        </div>
        <span
          class="capitalize"
        >
          Name
          :
        </span>
      </div>
      <span
        class="text-primary-main"
      >
        <div
          class="w-full flex gap-md items-center overflow-hidden"
        >
          <div
            class="outline-none ml-[-1px]"
            contenteditable="false"
          >
            property
          </div>
          <div
            class="flex duration-300 opacity-0"
          >
            <button
              class="bg-secondary-main text-white whitespace-nowrap pb-[6px] pt-[7px] duration-300
 px-xs rounded-xs uppercase font-medium tracking-wider text-[13px] hover:bg-grey"
            >
              Edit
            </button>
          </div>
        </div>
      </span>
    </div>
  </div>,
  "debug": [Function],
  "findAllByAltText": [Function],
  "findAllByDisplayValue": [Function],
  "findAllByLabelText": [Function],
  "findAllByPlaceholderText": [Function],
  "findAllByRole": [Function],
  "findAllByTestId": [Function],
  "findAllByText": [Function],
  "findAllByTitle": [Function],
  "findByAltText": [Function],
  "findByDisplayValue": [Function],
  "findByLabelText": [Function],
  "findByPlaceholderText": [Function],
  "findByRole": [Function],
  "findByTestId": [Function],
  "findByText": [Function],
  "findByTitle": [Function],
  "getAllByAltText": [Function],
  "getAllByDisplayValue": [Function],
  "getAllByLabelText": [Function],
  "getAllByPlaceholderText": [Function],
  "getAllByRole": [Function],
  "getAllByTestId": [Function],
  "getAllByText": [Function],
  "getAllByTitle": [Function],
  "getByAltText": [Function],
  "getByDisplayValue": [Function],
  "getByLabelText": [Function],
  "getByPlaceholderText": [Function],
  "getByRole": [Function],
  "getByTestId": [Function],
  "getByText": [Function],
  "getByTitle": [Function],
  "queryAllByAltText": [Function],
  "queryAllByDisplayValue": [Function],
  "queryAllByLabelText": [Function],
  "queryAllByPlaceholderText": [Function],
  "queryAllByRole": [Function],
  "queryAllByTestId": [Function],
  "queryAllByText": [Function],
  "queryAllByTitle": [Function],
  "queryByAltText": [Function],
  "queryByDisplayValue": [Function],
  "queryByLabelText": [Function],
  "queryByPlaceholderText": [Function],
  "queryByRole": [Function],
  "queryByTestId": [Function],
  "queryByText": [Function],
  "queryByTitle": [Function],
  "rerender": [Function],
  "unmount": [Function],
}
`;
